
> sociality-backend@1.0.0 build
> tsc

controllers/messageController.ts(235,24): error TS2345: Argument of type 'ObjectId' is not assignable to parameter of type 'string'.
controllers/postController.ts(264,24): error TS2345: Argument of type '{ userId: any; text: any; img: any; userProfilePic: any; username: any; createdAt: Date; }' is not assignable to parameter of type 'IReply'.
  Type '{ userId: any; text: any; img: any; userProfilePic: any; username: any; createdAt: Date; }' is missing the following properties from type 'IReply': _id, likes
controllers/postController.ts(599,39): error TS2339: Property 'id' does not exist on type 'IReply[]'.
controllers/postController.ts(621,24): error TS2345: Argument of type '{ userId: any; text: any; img: any; userProfilePic: any; username: any; createdAt: Date; parentReplyId: any; }' is not assignable to parameter of type 'IReply'.
  Type '{ userId: any; text: any; img: any; userProfilePic: any; username: any; createdAt: Date; parentReplyId: any; }' is missing the following properties from type 'IReply': _id, likes
controllers/postController.ts(669,32): error TS2339: Property 'id' does not exist on type 'IReply[]'.
controllers/postController.ts(723,32): error TS2339: Property 'id' does not exist on type 'IReply[]'.
controllers/postController.ts(782,8): error TS18047: 'user' is possibly 'null'.
controllers/postController.ts(783,4): error TS18047: 'user' is possibly 'null'.
controllers/postController.ts(784,10): error TS18047: 'user' is possibly 'null'.
controllers/userController.ts(311,3): error TS2322: Type 'null' is not assignable to type 'string | undefined'.
controllers/userController.ts(372,13): error TS2769: No overload matches this call.
  Overload 1 of 2, '(pipeline?: PipelineStage[] | undefined, options?: AggregateOptions | undefined): Aggregate<any[]>', gave the following error.
    Type '{ $sort: { postsCount: number; }; }' is not assignable to type 'PipelineStage'.
      Type '{ $sort: { postsCount: number; }; }' is not assignable to type 'Sort'.
        Types of property '$sort' are incompatible.
          Type '{ postsCount: number; }' is not assignable to type 'Record<string, 1 | -1 | Meta>'.
            Property 'postsCount' is incompatible with index signature.
              Type 'number' is not assignable to type '1 | -1 | Meta'.
  Overload 2 of 2, '(pipeline: PipelineStage[]): Aggregate<any[]>', gave the following error.
    Type '{ $sort: { postsCount: number; }; }' is not assignable to type 'PipelineStage'.
      Type '{ $sort: { postsCount: number; }; }' is not assignable to type 'Sort'.
        Types of property '$sort' are incompatible.
          Type '{ postsCount: number; }' is not assignable to type 'Record<string, 1 | -1 | Meta>'.
            Property 'postsCount' is incompatible with index signature.
              Type 'number' is not assignable to type '1 | -1 | Meta'.
controllers/userController.ts(678,27): error TS2339: Property 'createdAt' does not exist on type 'Document<unknown, {}, IUserDocument> & IUserDocument & { _id: ObjectId; }'.
controllers/userController.ts(679,27): error TS2339: Property 'updatedAt' does not exist on type 'Document<unknown, {}, IUserDocument> & IUserDocument & { _id: ObjectId; }'.
models/discordBindingModel.ts(3,30): error TS2348: Value of type 'typeof Schema' is not callable. Did you mean to include 'new'?
models/telegramBindingModel.ts(3,31): error TS2348: Value of type 'typeof Schema' is not callable. Did you mean to include 'new'?
routes/crossPlatformRoutes.ts(204,14): error TS18048: 'room.federationSettings' is possibly 'undefined'.
routes/crossPlatformRoutes.ts(284,61): error TS18048: 'p.user' is possibly 'undefined'.
routes/crossPlatformRoutes.ts(286,30): error TS2345: Argument of type '{ user: any; role: "member"; }' is not assignable to parameter of type '{ joinedAt: Date; role: "admin" | "moderator" | "member"; user?: ObjectId | undefined; }'.
  Property 'joinedAt' is missing in type '{ user: any; role: "member"; }' but required in type '{ joinedAt: Date; role: "admin" | "moderator" | "member"; user?: ObjectId | undefined; }'.
routes/crossPlatformRoutes.ts(922,57): error TS18048: 'p.user' is possibly 'undefined'.
routes/crossPlatformRoutes.ts(1065,57): error TS18048: 'p.user' is possibly 'undefined'.
routes/crossPlatformRoutes.ts(1558,57): error TS18048: 'p.user' is possibly 'undefined'.
routes/crossPlatformRoutes.ts(1586,15): error TS18048: 'participant.user' is possibly 'undefined'.
routes/crossPlatformRoutes.ts(1587,19): error TS18048: 'participant.user' is possibly 'undefined'.
routes/federationRoutes.ts(29,18): error TS18048: 'localRoom.federationSettings' is possibly 'undefined'.
server.ts(4,8): error TS2300: Duplicate identifier 'axios'.
server.ts(48,8): error TS2300: Duplicate identifier 'axios'.
services/discordService.ts(397,25): error TS2339: Property 'send' does not exist on type 'DMChannel | PartialDMChannel | PartialGroupDMChannel | NewsChannel | StageChannel | TextChannel | PublicThreadChannel<...> | PrivateThreadChannel | VoiceChannel'.
  Property 'send' does not exist on type 'PartialGroupDMChannel'.
services/discordService.ts(461,49): error TS2345: Argument of type 'null' is not assignable to parameter of type 'string'.
services/discordService.ts(507,38): error TS2339: Property 'send' does not exist on type 'DMChannel | PartialDMChannel | PartialGroupDMChannel | NewsChannel | StageChannel | TextChannel | PublicThreadChannel<...> | PrivateThreadChannel | VoiceChannel'.
  Property 'send' does not exist on type 'PartialGroupDMChannel'.
services/discordService.ts(512,23): error TS2339: Property 'send' does not exist on type 'DMChannel | PartialDMChannel | PartialGroupDMChannel | NewsChannel | StageChannel | TextChannel | PublicThreadChannel<...> | PrivateThreadChannel | VoiceChannel'.
  Property 'send' does not exist on type 'PartialGroupDMChannel'.
services/discordService.ts(542,38): error TS2339: Property 'send' does not exist on type 'DMChannel | PartialDMChannel | PartialGroupDMChannel | NewsChannel | StageChannel | TextChannel | PublicThreadChannel<...> | PrivateThreadChannel | VoiceChannel'.
  Property 'send' does not exist on type 'PartialGroupDMChannel'.
services/discordService.ts(571,25): error TS2339: Property 'send' does not exist on type 'DMChannel | PartialDMChannel | PartialGroupDMChannel | NewsChannel | StageChannel | TextChannel | PublicThreadChannel<...> | PrivateThreadChannel | VoiceChannel'.
  Property 'send' does not exist on type 'PartialGroupDMChannel'.
services/discordService.ts(576,25): error TS2339: Property 'send' does not exist on type 'DMChannel | PartialDMChannel | PartialGroupDMChannel | NewsChannel | StageChannel | TextChannel | PublicThreadChannel<...> | PrivateThreadChannel | VoiceChannel'.
  Property 'send' does not exist on type 'PartialGroupDMChannel'.
services/discordService.ts(583,36): error TS2339: Property 'send' does not exist on type 'DMChannel | PartialDMChannel | PartialGroupDMChannel | NewsChannel | StageChannel | TextChannel | PublicThreadChannel<...> | PrivateThreadChannel | VoiceChannel'.
  Property 'send' does not exist on type 'PartialGroupDMChannel'.
services/discordService.ts(651,19): error TS2339: Property 'send' does not exist on type 'DMChannel | PartialDMChannel | PartialGroupDMChannel | NewsChannel | StageChannel | TextChannel | PublicThreadChannel<...> | PrivateThreadChannel | VoiceChannel'.
  Property 'send' does not exist on type 'PartialGroupDMChannel'.
socket/socket.ts(40,3): error TS2769: No overload matches this call.
  Overload 1 of 3, '(srv?: number | TServerInstance | undefined, opts?: Partial<ServerOptions> | undefined): Server<DefaultEventsMap, DefaultEventsMap, DefaultEventsMap, any>', gave the following error.
    Type 'false | (string | RegExp | undefined)[]' is not assignable to type 'StaticOrigin | CustomOrigin | undefined'.
      Type '(string | RegExp | undefined)[]' is not assignable to type 'StaticOrigin | CustomOrigin | undefined'.
        Type '(string | RegExp | undefined)[]' is not assignable to type '(string | boolean | RegExp)[]'.
          Type 'string | RegExp | undefined' is not assignable to type 'string | boolean | RegExp'.
            Type 'undefined' is not assignable to type 'string | boolean | RegExp'.
  Overload 2 of 3, '(srv: number | TServerInstance | Partial<ServerOptions> | undefined, opts?: Partial<ServerOptions> | undefined): Server<...>', gave the following error.
    Type 'false | (string | RegExp | undefined)[]' is not assignable to type 'StaticOrigin | CustomOrigin | undefined'.
      Type '(string | RegExp | undefined)[]' is not assignable to type 'StaticOrigin | CustomOrigin | undefined'.
        Type '(string | RegExp | undefined)[]' is not assignable to type '(string | boolean | RegExp)[]'.
          Type 'string | RegExp | undefined' is not assignable to type 'string | boolean | RegExp'.
            Type 'undefined' is not assignable to type 'string | boolean | RegExp'.
socket/socket.ts(79,22): error TS2538: Type 'string[]' cannot be used as an index type.
socket/socket.ts(80,18): error TS2538: Type 'string[]' cannot be used as an index type.
socket/socket.ts(89,17): error TS2538: Type 'string[]' cannot be used as an index type.
socket/socket.ts(93,38): error TS2538: Type 'string[]' cannot be used as an index type.
socket/socket.ts(203,22): error TS2345: Argument of type 'string | string[]' is not assignable to parameter of type 'string'.
  Type 'string[]' is not assignable to type 'string'.
socket/socket.ts(294,14): error TS2551: Property 'isParticipant' does not exist on type 'Document<unknown, {}, { createdAt: NativeDate; updatedAt: NativeDate; } & { name: string; participants: { joinedAt: Date; role: "admin" | "moderator" | "member"; user?: ObjectId | undefined; }[]; ... 9 more ...; federationSettings?: { ...; } | undefined; }> & { ...; } & { ...; } & { ...; }'. Did you mean 'participants'?
utils/TelegramBotClient.ts(71,10): error TS18046: 'data' is of type 'unknown'.
utils/TelegramBotClient.ts(72,46): error TS18046: 'data' is of type 'unknown'.
utils/TelegramBotClient.ts(74,12): error TS18046: 'data' is of type 'unknown'.
utils/cloudinary.ts(29,71): error TS2769: No overload matches this call.
  Overload 1 of 2, '(file: string, options?: UploadApiOptions | undefined, callback?: UploadResponseCallback | undefined): Promise<UploadApiResponse>', gave the following error.
    Argument of type '{ resource_type: string; access_mode: string; secure: boolean; use_filename: boolean; unique_filename: boolean; overwrite: boolean; invalidate: boolean; }' is not assignable to parameter of type 'UploadApiOptions'.
      Types of property 'resource_type' are incompatible.
        Type 'string' is not assignable to type '"raw" | "auto" | "image" | "video" | undefined'.
  Overload 2 of 2, '(file: string, callback?: UploadResponseCallback | undefined): Promise<UploadApiResponse>', gave the following error.
    Argument of type '{ resource_type: string; access_mode: string; secure: boolean; use_filename: boolean; unique_filename: boolean; overwrite: boolean; invalidate: boolean; }' is not assignable to parameter of type 'UploadResponseCallback'.
      Type '{ resource_type: string; access_mode: string; secure: boolean; use_filename: boolean; unique_filename: boolean; overwrite: boolean; invalidate: boolean; }' provides no match for the signature '(err?: UploadApiErrorResponse | undefined, callResult?: UploadApiResponse | undefined): void'.
utils/userDebug.ts(23,44): error TS2339: Property 'createdAt' does not exist on type 'Document<unknown, {}, IUserDocument> & IUserDocument & { _id: ObjectId; }'.
utils/userDebug.ts(66,73): error TS2339: Property 'createdAt' does not exist on type 'Document<unknown, {}, IUserDocument> & IUserDocument & { _id: ObjectId; }'.
